🔄 OpenClaw Update Check - Fri Mar 20 05:00:01 GMT 2026
====================================

## Current Version Check

Current version: 2026.3.13

## Latest Version Check

Latest version: 2026.3.13

## Version Comparison

✅ Already up to date!

Current: 2026.3.13
Latest:  2026.3.13

### No Action Required
Next check: tomorrow at 5:00 AM
🔄 OpenClaw Update Check - Sat Mar 21 05:00:01 GMT 2026
====================================

## Current Version Check

Current version: 2026.3.13

## Latest Version Check

Latest version: 2026.3.13

## Version Comparison

✅ Already up to date!

Current: 2026.3.13
Latest:  2026.3.13

### No Action Required
Next check: tomorrow at 5:00 AM
🔄 OpenClaw Update Check - Sun Mar 22 05:00:01 GMT 2026
====================================

## Current Version Check

Current version: 2026.3.13

## Latest Version Check

Latest version: 2026.3.13

## Version Comparison

✅ Already up to date!

Current: 2026.3.13
Latest:  2026.3.13

### No Action Required
Next check: tomorrow at 5:00 AM
